-------------------------------------------------------------------------------------------------------------------------------------------------------------
      name:  ldi
       log:  /files/JPE-Medici-20241468/replication-package/MS20241468_Deposit/logs/logfile_30_Jun_2026-17_43_32-nuvolos.log
  log type:  text
 opened on:  30 Jun 2026, 17:43:32
r; t=0.00 17:43:32

. 
. /* capture what system we are running on */
. 
. di in red "HOSTNAME: `c(hostname)'"
HOSTNAME: nv-deployment-408bb396-7cfb-454e-a4a4-3a8436734730-fd6497b5fckg
r; t=0.00 17:43:32

. 
. /* used only for system info */
. log using "`systeminfo'", name(system) replace text
(file /files/JPE-Medici-20241468/replication-package/MS20241468_Deposit/logs/system_30_Jun_2026-17_43_32-nuvolos.log not found)
-------------------------------------------------------------------------------------------------------------------------------------------------------------
      name:  system
       log:  /files/JPE-Medici-20241468/replication-package/MS20241468_Deposit/logs/system_30_Jun_2026-17_43_32-nuvolos.log
  log type:  text
 opened on:  30 Jun 2026, 17:43:32
r; t=0.00 17:43:32

. 
. /* It will provide some info about how and when the program was run */
. 
. /* install any packages locally */
. di "=== Redirecting where Stata searches for ado files ==="
=== Redirecting where Stata searches for ado files ===
r; t=0.00 17:43:32

. capture mkdir "$rootdir/ado"
r; t=0.00 17:43:32

. adopath - PERSONAL
  [1]  (BASE)      "/usr/local/statanow19/ado/base/"
  [2]  (SITE)      "/usr/local/ado/"
  [3]              "."
  [4]  (PLUS)      "~/ado/plus/"
  [5]  (OLDPLACE)  "~/ado/"
r; t=0.00 17:43:32

. adopath - OLDPLACE
  [1]  (BASE)      "/usr/local/statanow19/ado/base/"
  [2]  (SITE)      "/usr/local/ado/"
  [3]              "."
  [4]  (PLUS)      "~/ado/plus/"
r; t=0.00 17:43:32

. adopath - SITE
  [1]  (BASE)      "/usr/local/statanow19/ado/base/"
  [2]              "."
  [3]  (PLUS)      "~/ado/plus/"
r; t=0.00 17:43:32

. sysdir set PLUS     "$rootdir/ado/plus"
r; t=0.00 17:43:32

. sysdir set PERSONAL "$rootdir/ado"       // may be needed for some packages
r; t=0.00 17:43:32

. sysdir
   STATA:  /usr/local/statanow19/
    BASE:  /usr/local/statanow19/ado/base/
    SITE:  /usr/local/ado/
    PLUS:  /files/JPE-Medici-20241468/replication-package/MS20241468_Deposit/ado/plus/
PERSONAL:  /files/JPE-Medici-20241468/replication-package/MS20241468_Deposit/ado/
OLDPLACE:  ~/ado/
r; t=0.00 17:43:32

. 
. /*==============================================================================================*/
. /* If present, add the authors' replication-package specific ado file path                      */
. /* This is defined above                                                                        */
. /*==============================================================================================*/
. 
. if "`author_adopath'" != "" {             // The author adopath variable is filled out
.     adopath ++ "$rootdir/`author_adopath'"
  [1]              "/files/JPE-Medici-20241468/replication-package/MS20241468_Deposit/code/ado"
  [2]  (BASE)      "/usr/local/statanow19/ado/base/"
  [3]              "."
  [4]  (PLUS)      "/files/JPE-Medici-20241468/replication-package/MS20241468_Deposit/ado/plus/"
r; t=0.00 17:43:32
. }
r; t=0.00 17:43:32

. 
. /* now let's check what's there */
. 
. di "=== Verifying pre-existing ado files - normally, this should be EMPTY upon first run"
=== Verifying pre-existing ado files - normally, this should be EMPTY upon first run
r; t=0.00 17:43:32

. adopath
  [1]              "/files/JPE-Medici-20241468/replication-package/MS20241468_Deposit/code/ado"
  [2]  (BASE)      "/usr/local/statanow19/ado/base/"
  [3]              "."
  [4]  (PLUS)      "/files/JPE-Medici-20241468/replication-package/MS20241468_Deposit/ado/plus/"
r; t=0.00 17:43:32

. ado

[1] package ftools from http://fmwww.bc.edu/repec/bocode/f
      'FTOOLS': module to provide alternatives to common Stata commands optimized for large datasets

[2] package gtools from http://fmwww.bc.edu/repec/bocode/g
      'GTOOLS': module to provide a fast implementation of common group commands

[3] package reghdfe from http://fmwww.bc.edu/repec/bocode/r
      'REGHDFE': module to perform linear or instrumental-variable regression absorbing any number of high-dimensional fixed effects

[4] package ivreghdfe from http://fmwww.bc.edu/repec/bocode/i
      'IVREGHDFE': module for extended instrumental variable regressions with multiple levels of fixed effects

[5] package ivreg2 from http://fmwww.bc.edu/repec/bocode/i
      'IVREG2': module for extended instrumental variables/2SLS and GMM estimation

[6] package ranktest from http://fmwww.bc.edu/repec/bocode/r
      'RANKTEST': module to test the rank of a matrix

[7] package outreg2 from http://fmwww.bc.edu/repec/bocode/o
      'OUTREG2': module to arrange regression outputs into an illustrative table

[8] package coefplot from http://fmwww.bc.edu/repec/bocode/c
      'COEFPLOT': module to plot regression coefficients and other results

[9] package grc1leg2 from http://fmwww.bc.edu/repec/bocode/g
      'GRC1LEG2': module to combine multiple graphs with a single common legend

[10] package weakivtest2 from http://fmwww.bc.edu/repec/bocode/w
      'WEAKIVTEST2': module to compute Robust Test for Weak Instruments with Multiple Endogenous Regressors

[11] package weakivtest from http://fmwww.bc.edu/repec/bocode/w
      'WEAKIVTEST': module to perform weak instrument test for a single endogenous regressor in TSLS and LIML

[12] package avar from http://fmwww.bc.edu/repec/bocode/a
      'AVAR': module to perform asymptotic covariance estimation for iid and non-iid data robust to heteroskedasticity, autocorrelation, 1- and 2-way cluster
> ing, and common cross-panel autocorrelated dis

[13] package distinct from http://fmwww.bc.edu/repec/bocode/d
      'DISTINCT': module to display distinct values of variables

[14] package estout from http://fmwww.bc.edu/repec/bocode/e
      'ESTOUT': module to make regression tables

[15] package grstyle from http://fmwww.bc.edu/repec/bocode/g
      'GRSTYLE': module to customize the overall look of graphs

[16] package palettes from http://fmwww.bc.edu/repec/bocode/p
      'PALETTES': module to provide color palettes, symbol palettes, and line pattern palettes
r; t=0.02 17:43:32

. di "=========================="
==========================
r; t=0.00 17:43:32

. 
. 
. /* this is long, so we pause the main log file */
. log off ldi
      name:  ldi
       log:  /files/JPE-Medici-20241468/replication-package/MS20241468_Deposit/logs/logfile_30_Jun_2026-17_43_32-nuvolos.log
  log type:  text
 paused on:  30 Jun 2026, 17:43:32
-------------------------------------------------------------------------------------------------------------------------------------------------------------
-------------------------------------------------------------------------------------------------------------------------------------------------------------
      name:  ldi
       log:  /files/JPE-Medici-20241468/replication-package/MS20241468_Deposit/logs/logfile_30_Jun_2026-17_43_32-nuvolos.log
  log type:  text
resumed on:  30 Jun 2026, 17:43:32
r; t=0.00 17:43:32

. 
. 
. /* add packages to the macro */
.     
.     display in red "============ Installing packages/commands from SSC ============="
============ Installing packages/commands from SSC =============
r; t=0.00 17:43:32

.     display in red "== Packages: `ssc_packages'"
== Packages: ftools gtools reghdfe ivreghdfe ivreg2 ranktest outreg2 coefplot grc1leg2 weakivtest2 weakivtest avar distinct estout grstyle fre acreg spmap bi
> nscatter hdfe winsor2
r; t=0.00 17:43:32

.     if !missing("`ssc_packages'") {
.         foreach pkg in `ssc_packages' {
  2.             capture which `pkg'
  3.             if _rc == 111 {                 
  4.                dis "Installing `pkg'"
  5.                 ssc install `pkg', replace
  6.             }
  7.             which `pkg'
  8.         }
/files/JPE-Medici-20241468/replication-package/MS20241468_Deposit/ado/plus/f/ftools.ado
*! version 2.50.0 09jan2026
/files/JPE-Medici-20241468/replication-package/MS20241468_Deposit/ado/plus/g/gtools.ado
*! version 1.10.1 05Dec2022 Mauricio Caceres Bravo, mauricio.caceres.bravo@gmail.com
*! Program for managing the gtools package installation
/files/JPE-Medici-20241468/replication-package/MS20241468_Deposit/ado/plus/r/reghdfe.ado
*! version 6.13.1 10Jan2026
/files/JPE-Medici-20241468/replication-package/MS20241468_Deposit/ado/plus/i/ivreghdfe.ado
*! ivreghdfe 1.1.4  29nov2025 (bugfix for github issue #61)
*! ivreghdfe 1.1.3  04Jan2023 (bugfix for github issue #48)
*! ivreghdfe 1.1.2  29Sep2022 (bugfix for github issue #44)
*! ivreghdfe 1.1.1  14Dec2021 (experimental -margins- support)
*! ivreghdfe 1.1.0  25Feb2021
*! ivreg2 4.1.11  22Nov2019
*! authors cfb & mes
*! see end of file for version comments
/files/JPE-Medici-20241468/replication-package/MS20241468_Deposit/ado/plus/i/ivreg2.ado
*! ivreg2 4.1.12  14aug2024
*! authors cfb & mes
*! see end of file for version comments
/files/JPE-Medici-20241468/replication-package/MS20241468_Deposit/ado/plus/r/ranktest.ado
*! ranktest 2.0.04  21sept2020
*! authors mes & fw; KP stat based on code by fk
*! see end of file for version comments
/files/JPE-Medici-20241468/replication-package/MS20241468_Deposit/ado/plus/o/outreg2.ado
*! outreg2 2.3.2  17aug2014 by roywada@hotmail.com
*! based on outreg 3.0.6/4.0.0 by john_gallup@alum.swarthmore.edu
/files/JPE-Medici-20241468/replication-package/MS20241468_Deposit/ado/plus/c/coefplot.ado
*! version 1.8.8  22aug2025  Ben Jann
/files/JPE-Medici-20241468/replication-package/MS20241468_Deposit/ado/plus/g/grc1leg2.ado
*! version 2.26 (4Nov2023), by Mead Over
/files/JPE-Medici-20241468/replication-package/MS20241468_Deposit/ado/plus/w/weakivtest2.ado
/files/JPE-Medici-20241468/replication-package/MS20241468_Deposit/ado/plus/w/weakivtest.ado
/files/JPE-Medici-20241468/replication-package/MS20241468_Deposit/ado/plus/a/avar.ado
*! avar 1.0.07  28July2015
*! authors cfb/mes
*! shell based on ranktest by fk/mes
*! see end of file for version comments
/files/JPE-Medici-20241468/replication-package/MS20241468_Deposit/ado/plus/d/distinct.ado
*! 1.2.1 NJC 1 March 2012         
*! 1.2.0 NJC 15 September 2008
/files/JPE-Medici-20241468/replication-package/MS20241468_Deposit/ado/plus/e/estout.ado
*! version 3.33  23mar2026  Ben Jann
/files/JPE-Medici-20241468/replication-package/MS20241468_Deposit/ado/plus/g/grstyle.ado
*! version 1.1.1  15sep2020  Ben Jann
Installing fre
checking fre consistency and verifying not already installed...
installing into /files/JPE-Medici-20241468/replication-package/MS20241468_Deposit/ado/plus/...
installation complete.
/files/JPE-Medici-20241468/replication-package/MS20241468_Deposit/ado/plus/f/fre.ado
*! version 1.2.5  Ben Jann  01jun2015
Installing acreg
checking acreg consistency and verifying not already installed...
installing into /files/JPE-Medici-20241468/replication-package/MS20241468_Deposit/ado/plus/...
installation complete.
/files/JPE-Medici-20241468/replication-package/MS20241468_Deposit/ado/plus/a/acreg.ado
*! Version December 2020  (1.1.0)
*! ACREG: Arbitrary Correlation Regression
*! Authors: F. Colella, R. Lalive, S.O. Sakalli, M. Thoenig
Installing spmap
checking spmap consistency and verifying not already installed...
installing into /files/JPE-Medici-20241468/replication-package/MS20241468_Deposit/ado/plus/...
installation complete.
/files/JPE-Medici-20241468/replication-package/MS20241468_Deposit/ado/plus/s/spmap.ado
*! -spmap-: Visualization of spatial data                                      
*! Version 1.3.2 - 09 January 2018 - StataCorp edit for stroke align           
*! Version 1.3.1 - 29 March 2017 - StataCorp edit to tempfile macros           
*! Version 1.3.0 - 13 March 2017                                               
*! Version 1.2.0 - 14 March 2008                                               
*! Version 1.1.0 - 7 May 2007                                                  
*! Version 1.0.0 - 7 December 2006                                             
*! Author: Maurizio Pisati                                                     
*! Department of Sociology and Social Research                                 
*! University of Milano Bicocca (Italy)                                        
*! maurizio.pisati@unimib.it                                                   
Installing binscatter
checking binscatter consistency and verifying not already installed...
installing into /files/JPE-Medici-20241468/replication-package/MS20241468_Deposit/ado/plus/...
installation complete.
/files/JPE-Medici-20241468/replication-package/MS20241468_Deposit/ado/plus/b/binscatter.ado
*! version 7.02  24nov2013  Michael Stepner, stepner@mit.edu
Installing hdfe
checking hdfe consistency and verifying not already installed...
installing into /files/JPE-Medici-20241468/replication-package/MS20241468_Deposit/ado/plus/...
installation complete.
/files/JPE-Medici-20241468/replication-package/MS20241468_Deposit/ado/plus/h/hdfe.ado
*! reghdfe 3.2.9 21feb2016
*! Sergio Correia (sergio.correia@duke.edu)
Installing winsor2
checking winsor2 consistency and verifying not already installed...
installing into /files/JPE-Medici-20241468/replication-package/MS20241468_Deposit/ado/plus/...
installation complete.
/files/JPE-Medici-20241468/replication-package/MS20241468_Deposit/ado/plus/w/winsor2.ado
*! Inspirit of -winsor-(NJ Cox) and -winsorizeJ-(J Caskey)
*! Lian Yujun, arlionn@163.com, 2013-12-25
*! 1.1 2014.12.16
r; t=8.94 17:43:41
.     }
r; t=8.94 17:43:41

. 
. /* add unconditionally installed packages */
.     display in red "=============== Unconditionally installed packages from SSC ==============="
=============== Unconditionally installed packages from SSC ===============
r; t=0.00 17:43:41

.     display in red "== Packages: `ssc_unconditional'"
== Packages: moremata palettes colrspace egenmore
r; t=0.00 17:43:41

.     if !missing("`ssc_unconditional'") {
.         foreach pkg in `ssc_unconditional' {
  2.             dis "Installing `pkg'"
  3.             ssc install `pkg', replace
  4.         }
Installing moremata
checking moremata consistency and verifying not already installed...
installing into /files/JPE-Medici-20241468/replication-package/MS20241468_Deposit/ado/plus/...
installation complete.
Installing palettes
checking palettes consistency and verifying not already installed...
all files already exist and are up to date.
Installing colrspace
checking colrspace consistency and verifying not already installed...
installing into /files/JPE-Medici-20241468/replication-package/MS20241468_Deposit/ado/plus/...
installation complete.
Installing egenmore
checking egenmore consistency and verifying not already installed...
installing into /files/JPE-Medici-20241468/replication-package/MS20241468_Deposit/ado/plus/...
installation complete.
r; t=36.87 17:44:18
.     }
r; t=36.87 17:44:18

. 
. /*==============================================================================================*/
. /* If you need to "net install" packages, add lines to this section                             */
.     * Install packages using net
.     * net install grc1leg, from("http://www.stata.com/users/vwiggins/")
. 
. /*==============================================================================================*/
. /* yet other programs have no install capability, and may need to be copied */
. /*==============================================================================================*/
. 
. // e.g.
. //  copy (URL) (name_of_file.ado)
. // example:
. // copy http://www.sacarny.com/wp-content/uploads/2015/08/ebayes.ado ebayes.ado
. 
. 
. /*==============================================================================================*/
. /* This toolbox allows us to run code that still contains interactive commands (which it should not) */
. /*==============================================================================================*/
. 
. net install cli-compat, all replace from("https://raw.githubusercontent.com/aeadataeditor/cli-compat-stata/master")
checking cli-compat consistency and verifying not already installed...
installing into /files/JPE-Medici-20241468/replication-package/MS20241468_Deposit/ado/plus/...
installation complete.
r; t=1.86 17:44:20

. 
. /*-------------- Sometimes, you may get the dreaded esttab error about paths -------------------*/
. /* in that case, uncomment the following line, and overwrite the estout package with the newer one */
. 
. // net install estout, replace from(https://raw.githubusercontent.com/benjann/estout/master/)
. 
. /*==============================================================================================*/
. /* after installing all packages, it may be necessary to issue the mata mlib index command */
. /* This should always be the LAST command after installing all packages                    */
. /*==============================================================================================*/
. 
.         mata: mata mlib index
.mlib libraries to be searched are now
    lmatabase;lmataado;lmatabma;lmatacate;lmatacollect;lmatadata;lmataerm;lmatafc;lmatagsem;lmatah2o;lmatahetdid;lmataivqreg;lmatajm;lmatalasso;lmatamcmc;lma
> tameta;lmatami;lmatamixlog;lmatanumlib;lmataopt;lmatapath;lmatapostest;lmatapss;lmatarw;lmatasem;lmatasp;lmatasubexpr;lmatasvy;lmatatab;lmatats;lgtools;lco
> lrspace;lmoremata10;lmoremata14;lmoremata;lmoremata11;livreg2
r; t=0.02 17:44:20

. 
. /*==============================================================================================*/
. /* This is specific to AEA replication environment. May not be needed if no confidential data   */
. /* are used in the reproducibility check.                                                       */
. /* Replicator should check the JIRA field "Working location of restricted data" for right path  */
. /*==============================================================================================*/
. 
. global sdrive ""
r; t=0.00 17:44:20

. 
. 
. /*==============================================================================================*/
. /* After all the setup work, let's check again what's installed in the ado directories          */
. /*==============================================================================================*/
. 
. 
. di "=== Verifying ado files after all install steps"
=== Verifying ado files after all install steps
r; t=0.00 17:44:20

. adopath
  [1]              "/files/JPE-Medici-20241468/replication-package/MS20241468_Deposit/code/ado"
  [2]  (BASE)      "/usr/local/statanow19/ado/base/"
  [3]              "."
  [4]  (PLUS)      "/files/JPE-Medici-20241468/replication-package/MS20241468_Deposit/ado/plus/"
r; t=0.00 17:44:20

. ado

[1] package ftools from http://fmwww.bc.edu/repec/bocode/f
      'FTOOLS': module to provide alternatives to common Stata commands optimized for large datasets

[2] package gtools from http://fmwww.bc.edu/repec/bocode/g
      'GTOOLS': module to provide a fast implementation of common group commands

[3] package reghdfe from http://fmwww.bc.edu/repec/bocode/r
      'REGHDFE': module to perform linear or instrumental-variable regression absorbing any number of high-dimensional fixed effects

[4] package ivreghdfe from http://fmwww.bc.edu/repec/bocode/i
      'IVREGHDFE': module for extended instrumental variable regressions with multiple levels of fixed effects

[5] package ivreg2 from http://fmwww.bc.edu/repec/bocode/i
      'IVREG2': module for extended instrumental variables/2SLS and GMM estimation

[6] package ranktest from http://fmwww.bc.edu/repec/bocode/r
      'RANKTEST': module to test the rank of a matrix

[7] package outreg2 from http://fmwww.bc.edu/repec/bocode/o
      'OUTREG2': module to arrange regression outputs into an illustrative table

[8] package coefplot from http://fmwww.bc.edu/repec/bocode/c
      'COEFPLOT': module to plot regression coefficients and other results

[9] package grc1leg2 from http://fmwww.bc.edu/repec/bocode/g
      'GRC1LEG2': module to combine multiple graphs with a single common legend

[10] package weakivtest2 from http://fmwww.bc.edu/repec/bocode/w
      'WEAKIVTEST2': module to compute Robust Test for Weak Instruments with Multiple Endogenous Regressors

[11] package weakivtest from http://fmwww.bc.edu/repec/bocode/w
      'WEAKIVTEST': module to perform weak instrument test for a single endogenous regressor in TSLS and LIML

[12] package avar from http://fmwww.bc.edu/repec/bocode/a
      'AVAR': module to perform asymptotic covariance estimation for iid and non-iid data robust to heteroskedasticity, autocorrelation, 1- and 2-way cluster
> ing, and common cross-panel autocorrelated dis

[13] package distinct from http://fmwww.bc.edu/repec/bocode/d
      'DISTINCT': module to display distinct values of variables

[14] package estout from http://fmwww.bc.edu/repec/bocode/e
      'ESTOUT': module to make regression tables

[15] package grstyle from http://fmwww.bc.edu/repec/bocode/g
      'GRSTYLE': module to customize the overall look of graphs

[16] package palettes from http://fmwww.bc.edu/repec/bocode/p
      'PALETTES': module to provide color palettes, symbol palettes, and line pattern palettes

[17] package fre from http://fmwww.bc.edu/repec/bocode/f
      'FRE': module to display one-way frequency table

[18] package acreg from http://fmwww.bc.edu/repec/bocode/a
      'ACREG': module to perform Arbitrary Correlation Regression

[19] package spmap from http://fmwww.bc.edu/repec/bocode/s
      'SPMAP': module to visualize spatial data

[20] package binscatter from http://fmwww.bc.edu/repec/bocode/b
      'BINSCATTER': module to generate binned scatterplots

[21] package hdfe from http://fmwww.bc.edu/repec/bocode/h
      'HDFE': module to partial out variables with respect to a set of fixed effects

[22] package winsor2 from http://fmwww.bc.edu/repec/bocode/w
      'WINSOR2': module to winsorize data

[23] package moremata from http://fmwww.bc.edu/repec/bocode/m
      'MOREMATA': module (Mata) to provide various functions

[24] package colrspace from http://fmwww.bc.edu/repec/bocode/c
      'COLRSPACE': module providing a class-based color management system in Mata

[25] package egenmore from http://fmwww.bc.edu/repec/bocode/e
      'EGENMORE': modules to extend the generate function

[26] package cli-compat from https://raw.githubusercontent.com/aeadataeditor/cli-compat-stata/master
      'cli-compat': Commands that provide compatibility with programs written with GUI Stata in mind.
r; t=0.00 17:44:20

. di "=========================="
==========================
r; t=0.00 17:44:20

. 
. 
. 
. di "========================================= END SETUP + DIAGNOSTICS ===================================="if 
========================================= END SETUP + DIAGNOSTICS ====================================if not found
r(111); t=0.00 17:44:20

end of do-file

r(111); t=0.00 17:44:20

